AR reg reg C:/Users/Andrei/Desktop/ps_2KeyboardController/reg.vhd sub00/vhpl15 1462378743
AR ps2_controller keyboard C:/Users/Andrei/Desktop/ps_2KeyboardController/top_level.vhd sub00/vhpl17 1462378747
EN ps_2 NULL C:/Users/Andrei/Desktop/ps_2KeyboardController/top_level.vhd sub00/vhpl12 1462362764
AR shift_register arh1 C:/Users/Andrei/Desktop/ps_2KeyboardController/eleven-bit_sreg.vhd sub00/vhpl07 1462378741
AR d_ff d_ff C:/Users/Andrei/Desktop/ps_2KeyboardController/DFF.vhd sub00/vhpl14 1462378737
EN d_ff NULL C:/Users/Andrei/Desktop/ps_2KeyboardController/DFF.vhd sub00/vhpl04 1462378736
EN debounce NULL C:/Users/Andrei/Desktop/ps_2KeyboardController/Debounce.vhd sub00/vhpl00 1462378734
AR ps_2 keyboard C:/Users/Andrei/Desktop/ps_2KeyboardController/top_level.vhd sub00/vhpl13 1462362765
EN counter NULL C:/Users/Andrei/Desktop/ps_2KeyboardController/eleven-bit_counter.vhd sub00/vhpl02 1462378738
AR debounce deb C:/Users/Andrei/Desktop/ps_2KeyboardController/Debounce.vhd sub00/vhpl01 1462378735
AR decoder decode C:/Users/Andrei/Desktop/ps_2KeyboardController/decoder.vhd sub00/vhpl11 1462378745
AR counter count C:/Users/Andrei/Desktop/ps_2KeyboardController/eleven-bit_counter.vhd sub00/vhpl03 1462378739
AR reg reg1 C:/Users/Andrei/Desktop/ps_2KeyboardController/reg.vhd sub00/vhpl09 1462362761
EN shift_register NULL C:/Users/Andrei/Desktop/ps_2KeyboardController/eleven-bit_sreg.vhd sub00/vhpl06 1462378740
EN decoder NULL C:/Users/Andrei/Desktop/ps_2KeyboardController/decoder.vhd sub00/vhpl10 1462378744
EN ps2_controller NULL C:/Users/Andrei/Desktop/ps_2KeyboardController/top_level.vhd sub00/vhpl16 1462378746
AR d_ff d C:/Users/Andrei/Desktop/ps_2KeyboardController/DFF.vhd sub00/vhpl05 1462362755
EN reg NULL C:/Users/Andrei/Desktop/ps_2KeyboardController/reg.vhd sub00/vhpl08 1462378742
